
> watchzone@2.4.0 build
> prisma generate && next build

node.exe : Environment variables loaded from .env
At C:\Program Files\nodejs\npm.ps1:29 char:3
+   & $NODE_EXE $NPM_CLI_JS $args
+   ~~~~~~~~~~~~~~~~~~~~~~~~~~~~~
    + CategoryInfo          : NotSpecified: (Environm 
   ent variables loaded from .env:String) [], Remote  
  Exception
    + FullyQualifiedErrorId : NativeCommandError
 
Prisma schema loaded from prisma\schema.prisma
Error: 
EPERM: operation not permitted, rename 'C:\Users\ACER 
NITRO 5\Documents\Projects\watchzone\node_modules\.pri
sma\client\query_engine-windows.dll.node.tmp24004' -> 
'C:\Users\ACER NITRO 5\Documents\Projects\watchzone\no
de_modules\.prisma\client\query_engine-windows.dll.nod
e'


